root@nexus:~/NexusCore# ./scripts/log-analysis.sh health
ğŸ” Creative Code Nexus - Log Analysis
=====================================

ğŸ’Š System Health Summary:
------------------------
âœ… Server starts: 3
ğŸ” Successful logins: 2
ğŸšª Successful logouts: 0
ğŸ“ˆ Total API requests: 245
âŒ Error requests: 30
âœ… Success rate: 87.8%
ğŸš¨ Total errors logged: 3
root@nexus:~/NexusCore# ./scripts/log-analysis.sh performance
ğŸ” Creative Code Nexus - Log Analysis
=====================================

ğŸ“Š API Performance Analysis:
-----------------------------
ğŸš€ Fastest API responses:
  0ms - GET /api/notifications/unread-count (304)
  0ms - GET /api/notifications/unread-count (304)
  0ms - GET /api/notifications/unread-count (304)
  0ms - GET /api/notifications/unread-count (304)
  0ms - GET /api/notifications/unread-count (304)

ğŸŒ Slowest API responses:
  8ms - GET /api/notifications/unread-count (401)
  7ms - GET /api/analytics/financial-reports (200)
  6ms - GET /api/activities (200)
  6ms - GET /api/activities (200)
  5ms - GET /api/expense-categories (200)
root@nexus:~/NexusCore# ./scripts/log-analysis.sh users
ğŸ” Creative Code Nexus - Log Analysis
=====================================

ğŸ‘¥ User Activity Analysis:
-------------------------
ğŸ“Š Request distribution by user:
    242 admin-001
      3 anonymous

ğŸ• Activity timeline (last 10 requests):
  2025-07-28 23:00:07 - GET /api/notifications (304) - admin-001
  2025-07-28 23:00:09 - GET /api/notifications/unread-count (304) - admin-001
  2025-07-28 23:00:12 - GET /api/notifications/unread-count (304) - admin-001
  2025-07-28 23:00:15 - GET /api/notifications/unread-count (304) - admin-001
  2025-07-28 23:00:17 - GET /api/notifications (304) - admin-001
  2025-07-28 23:00:18 - GET /api/notifications/unread-count (304) - admin-001
  2025-07-28 23:00:22 - GET /api/notifications/unread-count (304) - admin-001
  2025-07-28 23:00:25 - GET /api/notifications/unread-count (304) - admin-001
  2025-07-28 23:00:27 - GET /api/notifications (304) - admin-001
  2025-07-28 23:00:28 - GET /api/notifications/unread-count (304) - admin-001
root@nexus:~/NexusCore# ./scripts/log-analysis.sh errors
ğŸ” Creative Code Nexus - Log Analysis
=====================================

ğŸš¨ Error Analysis:
------------------
ğŸ“ˆ Error frequency by type:
      3 Unauthorized access attempt

ğŸŒ Most common error sources (IP addresses):
      3 127.0.0.1
root@nexus:~/NexusCore# ./scripts/log-analysis.sh 404
ğŸ” Creative Code Nexus - Log Analysis
=====================================

ğŸ” 404 Error Analysis:
---------------------
ğŸ“Š Most requested missing endpoints:
  14 requests to: /api/tasks/stats
  4 requests to: /api/quotations/bi9v001r0
  3 requests to: /api/quotations/62rghf1kh
  2 requests to: /api/quotations/62rghf1kh/items
  2 requests to: /api/expenses/stats
  1 requests to: /api/quotations/bi9v001r0/items
  1 requests to: /api/payment-sources
root@nexus:~/NexusCore# ./scripts/log-analysis.sh full
ğŸ” Creative Code Nexus - Log Analysis
=====================================

ğŸ’Š System Health Summary:
------------------------
âœ… Server starts: 3
ğŸ” Successful logins: 2
ğŸšª Successful logouts: 0
ğŸ“ˆ Total API requests: 245
âŒ Error requests: 30
âœ… Success rate: 87.8%
ğŸš¨ Total errors logged: 3

ğŸ“Š API Performance Analysis:
-----------------------------
ğŸš€ Fastest API responses:
  0ms - GET /api/notifications/unread-count (304)
  0ms - GET /api/notifications/unread-count (304)
  0ms - GET /api/notifications/unread-count (304)
  0ms - GET /api/notifications/unread-count (304)
  0ms - GET /api/notifications/unread-count (304)

ğŸŒ Slowest API responses:
  8ms - GET /api/notifications/unread-count (401)
  7ms - GET /api/analytics/financial-reports (200)
  6ms - GET /api/activities (200)
  6ms - GET /api/activities (200)
  5ms - GET /api/expense-categories (200)

ğŸ‘¥ User Activity Analysis:
-------------------------
ğŸ“Š Request distribution by user:
    242 admin-001
      3 anonymous

ğŸ• Activity timeline (last 10 requests):
  2025-07-28 23:00:07 - GET /api/notifications (304) - admin-001
  2025-07-28 23:00:09 - GET /api/notifications/unread-count (304) - admin-001
  2025-07-28 23:00:12 - GET /api/notifications/unread-count (304) - admin-001
  2025-07-28 23:00:15 - GET /api/notifications/unread-count (304) - admin-001
  2025-07-28 23:00:17 - GET /api/notifications (304) - admin-001
  2025-07-28 23:00:18 - GET /api/notifications/unread-count (304) - admin-001
  2025-07-28 23:00:22 - GET /api/notifications/unread-count (304) - admin-001
  2025-07-28 23:00:25 - GET /api/notifications/unread-count (304) - admin-001
  2025-07-28 23:00:27 - GET /api/notifications (304) - admin-001
  2025-07-28 23:00:28 - GET /api/notifications/unread-count (304) - admin-001

ğŸš¨ Error Analysis:
------------------
ğŸ“ˆ Error frequency by type:
      3 Unauthorized access attempt

ğŸŒ Most common error sources (IP addresses):
      3 127.0.0.1

ğŸ” 404 Error Analysis:
---------------------
ğŸ“Š Most requested missing endpoints:
  14 requests to: /api/tasks/stats
  4 requests to: /api/quotations/bi9v001r0
  3 requests to: /api/quotations/62rghf1kh
  2 requests to: /api/quotations/62rghf1kh/items
  2 requests to: /api/expenses/stats
  1 requests to: /api/quotations/bi9v001r0/items
  1 requests to: /api/payment-sources
root@nexus:~/NexusCore#